[backblue.gif]
[fade.gif]
[index.html]
[thb.tildacdn.com/tild3766-3331-4362-b361-323637643161/-/resize/504x/Screenshot_2025-11-0.png]
[neo.tildacdn.com/js/tilda-fallback-1.0.min.js]
[static.tildacdn.com/css/tilda-grid-3.0.min.css]
[static.tildacdn.com/ws/project7379606/tilda-blocks-page37068608.minb2dd.css]
[static.tildacdn.com/css/tilda-forms-1.0.min.css]
[static.tildacdn.com/css/tilda-cover-1.0.min.css]
[static.tildacdn.com/css/tilda-cards-1.0.min.css]
[static.tildacdn.com/css/tilda-popup-1.1.min.css]
[static.tildacdn.com/css/tilda-slds-1.4.min.css]
[static.tildacdn.com/css/tilda-catalog-1.1.min.css]
[static.tildacdn.com/css/tilda-catalog-filters-1.0.min.css]
[static.tildacdn.com/css/tilda-zoom-2.0.min.css]
[static.tildacdn.com/css/fonts-tildasans.css]
[static.tildacdn.com/js/tilda-polyfill-1.0.min.js]
[static.tildacdn.com/js/tilda-scripts-3.0.min.js]
[static.tildacdn.com/ws/project7379606/tilda-blocks-page37068608.minb2dd.js]
[static.tildacdn.com/js/tilda-lazyload-1.0.min.js]
[static.tildacdn.com/js/tilda-menu-1.0.min.js]
[static.tildacdn.com/js/tilda-widget-positions-1.0.min.js]
[static.tildacdn.com/js/tilda-cover-1.0.min.js]
[static.tildacdn.com/js/tilda-cards-1.0.min.js]
[static.tildacdn.com/js/hammer.min.js]
[static.tildacdn.com/js/tilda-slds-1.4.min.js]
[static.tildacdn.com/js/tilda-products-1.0.min.js]
[static.tildacdn.com/js/tilda-catalog-1.1.min.js]
[static.tildacdn.com/js/tilda-video-1.0.min.js]
[static.tildacdn.com/js/tilda-forms-1.0.min.js]
[static.tildacdn.com/js/tilda-map-1.0.min.js]
[static.tildacdn.com/js/tilda-popup-1.0.min.js]
[static.tildacdn.com/js/tilda-zoom-2.0.min.js]
[static.tildacdn.com/js/tilda-skiplink-1.0.min.js]
[static.tildacdn.com/js/tilda-events-1.0.min.js]
[static.tildacdn.com/tild3766-3331-4362-b361-323637643161/Screenshot_2025-11-0.png]
[thb.tildacdn.com/tild6461-6462-4139-b538-633865353039/-/resizeb/20x/4e2b7e87e9b8a3b12936.jpg]
[static.tildacdn.com/tild6461-6462-4139-b538-633865353039/4e2b7e87e9b8a3b12936.jpg]
[thb.tildacdn.com/tild3363-3032-4230-a435-653336313338/-/resizeb/20x/e08b17e33d4419ec61c9.jpg]
[static.tildacdn.com/tild3363-3032-4230-a435-653336313338/e08b17e33d4419ec61c9.jpg]
[thb.tildacdn.com/tild6264-6263-4563-b634-316437623539/-/resizeb/20x/9668e60ec730d1a725c3.jpg]
[static.tildacdn.com/tild6264-6263-4563-b634-316437623539/9668e60ec730d1a725c3.jpg]
[thb.tildacdn.com/tild3166-6338-4330-a238-346464363839/-/resizeb/20x/wdf2.png]
[static.tildacdn.com/tild3166-6338-4330-a238-346464363839/wdf2.png]
[static.tildacdn.com/tild3634-3234-4237-a364-386561326439/3.png]
[thb.tildacdn.com/tild3634-3234-4237-a364-386561326439/-/resizeb/20x/3.png]
[static.tildacdn.com/tild6665-3436-4437-b838-396338353438/12.png]
[thb.tildacdn.com/tild6665-3436-4437-b838-396338353438/-/resizeb/20x/12.png]
[static.tildacdn.com/tild3436-3834-4061-b062-623733333638/W007_1.jpg]
[thb.tildacdn.com/tild3436-3834-4061-b062-623733333638/-/resizeb/20x/W007_1.jpg]
[static.tildacdn.com/tild3130-6261-4532-a332-646430616330/W007_2.jpg]
[thb.tildacdn.com/tild3130-6261-4532-a332-646430616330/-/resizeb/20x/W007_2.jpg]
[static.tildacdn.com/tild3931-6361-4264-b733-343463373332/W007_3.jpg]
[thb.tildacdn.com/tild3931-6361-4264-b733-343463373332/-/resizeb/20x/W007_3.jpg]
[static.tildacdn.com/tild3963-6639-4733-b764-396266623537/2017-07-24-PHOTO-000.jpg]
[thb.tildacdn.com/tild3963-6639-4733-b764-396266623537/-/resizeb/20x/2017-07-24-PHOTO-000.jpg]
[static.tildacdn.com/tild3939-6334-4362-a434-376636316434/2017-12-02-PHOTO-000.jpg]
[thb.tildacdn.com/tild3939-6334-4362-a434-376636316434/-/resizeb/20x/2017-12-02-PHOTO-000.jpg]
[static.tildacdn.com/tild3739-3565-4663-b537-366235643365/2017-07-24-PHOTO-000.jpg]
[thb.tildacdn.com/tild3739-3565-4663-b537-366235643365/-/resizeb/20x/2017-07-24-PHOTO-000.jpg]
[static.tildacdn.com/tild6133-3638-4435-b065-623430333762/20210929_125947.jpg]
[thb.tildacdn.com/tild6133-3638-4435-b065-623430333762/-/resizeb/20x/20210929_125947.jpg]
[static.tildacdn.com/tild3133-3261-4432-b664-356631313930/20210929_125931.jpg]
[thb.tildacdn.com/tild3133-3261-4432-b664-356631313930/-/resizeb/20x/20210929_125931.jpg]
[static.tildacdn.com/tild3434-3031-4161-b961-353834333531/20210929_130028.jpg]
[thb.tildacdn.com/tild3434-3031-4161-b961-353834333531/-/resizeb/20x/20210929_130028.jpg]
[static.tildacdn.com/tild6263-3439-4939-b338-633532653635/PPT07234_1.jpg]
[thb.tildacdn.com/tild6263-3439-4939-b338-633532653635/-/resizeb/20x/PPT07234_1.jpg]
[static.tildacdn.com/tild3832-6230-4838-a433-353732626630/PPT07239.jpg]
[thb.tildacdn.com/tild3832-6230-4838-a433-353732626630/-/resizeb/20x/PPT07239.jpg]
[static.tildacdn.com/tild3239-3839-4864-a464-346561623839/PPT07225.jpg]
[thb.tildacdn.com/tild3239-3839-4864-a464-346561623839/-/resizeb/20x/PPT07225.jpg]
[thb.tildacdn.com/tild3733-3133-4338-a334-303166626165/-/empty/EAS_3842.png]
[thb.tildacdn.com/tild3266-3362-4262-b461-613964633234/-/resizeb/20x/178f5c9505c81a452fca.png]
[static.tildacdn.com/tild3266-3362-4262-b461-613964633234/178f5c9505c81a452fca.png]
[static.tildacdn.com/tild3531-3637-4966-a136-346436343539/eb7745cff79ced9a72d6.png]
[thb.tildacdn.com/tild3531-3637-4966-a136-346436343539/-/resizeb/20x/eb7745cff79ced9a72d6.png]
[static.tildacdn.com/tild3538-3366-4561-b136-363234363264/403f9ef41f663e424fc9.png]
[thb.tildacdn.com/tild3538-3366-4561-b136-363234363264/-/resizeb/20x/403f9ef41f663e424fc9.png]
[static.tildacdn.com/tild3834-3762-4834-b664-653431333461/5a25cf4d147479c10fb3.png]
[thb.tildacdn.com/tild3834-3762-4834-b664-653431333461/-/resizeb/20x/5a25cf4d147479c10fb3.png]
[static.tildacdn.com/tild3432-6437-4163-b939-383330626631/85dad19944bbea96726a.png]
[thb.tildacdn.com/tild3432-6437-4163-b939-383330626631/-/resizeb/20x/85dad19944bbea96726a.png]
[static.tildacdn.com/tild6634-3333-4236-b362-343533623837/4aeb53550af0eb8934e1.png]
[thb.tildacdn.com/tild6634-3333-4236-b362-343533623837/-/resizeb/20x/4aeb53550af0eb8934e1.png]
[static.tildacdn.com/tild3733-3133-4338-a334-303166626165/EAS_3842.jpg]
[thb.tildacdn.com/tild6366-3731-4639-b932-323364626339/-/resize/20x/3c4bc0b99c.jpg]
[static.tildacdn.com/tild6366-3731-4639-b932-323364626339/3c4bc0b99c.jpg]
[thb.tildacdn.com/tild6636-3138-4934-b761-396663646132/-/empty/3c4bc0b99c_1.png]
[mc.yandex.ru/metrika/tag.js]
[фасад18.рф/index.html]
[static.tildacdn.com/css/tilda-grid-3.0.min.css]
[static.tildacdn.com/ws/project7379606/tilda-blocks-page37068608.minb2dd.css]
[static.tildacdn.com/css/tilda-forms-1.0.min.css]
[static.tildacdn.com/css/tilda-cover-1.0.min.css]
[static.tildacdn.com/css/tilda-cards-1.0.min.css]
[static.tildacdn.com/css/tilda-popup-1.1.min.css]
[static.tildacdn.com/css/tilda-slds-1.4.min.css]
[static.tildacdn.com/css/tilda-catalog-1.1.min.css]
[static.tildacdn.com/css/tilda-catalog-filters-1.0.min.css]
[static.tildacdn.com/css/tilda-zoom-2.0.min.css]
[static.tildacdn.com/css/fonts-tildasans.css]
[static.tildacdn.com/js/tilda-stat-1.0.min.js]
